
> shadcnui@0.0.0 build /workspace/shadcn-ui
> vite build

vite v5.4.21 building for production...
transforming...
✓ 3341 modules transformed.
rendering chunks...
computing gzip size...
dist/index.html                                       5.25 kB │ gzip:   1.59 kB
dist/assets/index-DHfFrK5n.css                       78.53 kB │ gzip:  13.17 kB
dist/assets/js/vendor-ui-ByoYm48K.js                  0.20 kB │ gzip:   0.16 kB
dist/assets/js/useRealtimeSubscription--Fkpceff.js    0.73 kB │ gzip:   0.47 kB
dist/assets/js/switch-Bc8RQHGS.js                     0.82 kB │ gzip:   0.44 kB
dist/assets/js/table-6B9uYiI1.js                      1.51 kB │ gzip:   0.53 kB
dist/assets/js/textarea-CwDp1LL9.js                   1.53 kB │ gzip:   0.57 kB
dist/assets/js/dialog-sa4x4ydA.js                     2.18 kB │ gzip:   0.86 kB
dist/assets/js/popover-Dn76YcDF.js                    2.54 kB │ gzip:   1.08 kB
dist/assets/js/select-D3ViCNAf.js                     2.99 kB │ gzip:   1.09 kB
dist/assets/js/Sidebar-DPZmNk6q.js                    4.03 kB │ gzip:   1.17 kB
dist/assets/js/AccountSelector-DFdcVOas.js            4.94 kB │ gzip:   1.60 kB
dist/assets/js/metaApiClient-C5dX0eqS.js              6.00 kB │ gzip:   2.05 kB
dist/assets/js/ProfileSettings-BMybpbfX.js            8.52 kB │ gzip:   2.47 kB
dist/assets/js/mockData-D2oX97qC.js                  10.77 kB │ gzip:   3.13 kB
dist/assets/js/Index-CeRdLdrj.js                     11.55 kB │ gzip:   3.69 kB
dist/assets/js/PositionCalculator-DMC09dNm.js        11.72 kB │ gzip:   3.30 kB
dist/assets/js/TradingDashboard-Bhl9OIe9.js          14.85 kB │ gzip:   3.59 kB
dist/assets/js/Accounts-CfFQzHvv.js                  19.55 kB │ gzip:   5.26 kB
dist/assets/js/Referral-BZB07aiu.js                  27.53 kB │ gzip:   6.64 kB
dist/assets/js/AIAnalysisAgent-BKC23XZx.js           31.83 kB │ gzip:   8.74 kB
dist/assets/js/TradeJournal-Dn44BmeM.js              35.16 kB │ gzip:   9.21 kB
dist/assets/js/Goals-BMHf4Frw.js                     39.90 kB │ gzip:   9.49 kB
dist/assets/js/Analytics-TvZSm8xS.js                 61.63 kB │ gzip:  14.79 kB
dist/assets/js/index-BnqTEkP9.js                     62.24 kB │ gzip:  16.33 kB
dist/assets/js/vendor-charts-n7LhEPu8.js             67.85 kB │ gzip:  21.71 kB
dist/assets/js/vendor-supabase-COO416Jv.js          162.99 kB │ gzip:  39.56 kB
dist/assets/js/vendor-other-yaaUqUdw.js             514.44 kB │ gzip: 165.92 kB
dist/assets/js/vendor-react-DeAGMyKu.js             653.95 kB │ gzip: 173.00 kB

(!) Some chunks are larger than 500 kB after minification. Consider:
- Using dynamic import() to code-split the application
- Use build.rollupOptions.output.manualChunks to improve chunking: https://rollupjs.org/configuration-options/#output-manualchunks
- Adjust chunk size limit for this warning via build.chunkSizeWarningLimit.
✓ built in 31.25s

✨ [vite-plugin-compression]:algorithm=gzip - compressed file successfully: 
dist//workspace/shadcn-ui/assets/js/Index-CeRdLdrj.js.gz                11.28kb / gzip: 3.60kb
dist//workspace/shadcn-ui/assets/js/AIAnalysisAgent-BKC23XZx.js.gz      31.26kb / gzip: 8.51kb
dist//workspace/shadcn-ui/assets/js/Accounts-CfFQzHvv.js.gz             19.09kb / gzip: 5.12kb
dist//workspace/shadcn-ui/assets/js/PositionCalculator-DMC09dNm.js.gz   11.46kb / gzip: 3.22kb
dist//workspace/shadcn-ui/assets/js/Analytics-TvZSm8xS.js.gz            60.19kb / gzip: 14.38kb
dist//workspace/shadcn-ui/assets/index-DHfFrK5n.css.gz                  76.69kb / gzip: 12.77kb
dist//workspace/shadcn-ui/assets/js/Referral-BZB07aiu.js.gz             26.89kb / gzip: 6.46kb
dist//workspace/shadcn-ui/assets/js/mockData-D2oX97qC.js.gz             10.60kb / gzip: 3.05kb
dist//workspace/shadcn-ui/assets/js/TradeJournal-Dn44BmeM.js.gz         34.34kb / gzip: 8.97kb
dist//workspace/shadcn-ui/assets/js/Goals-BMHf4Frw.js.gz                38.97kb / gzip: 9.20kb
dist//workspace/shadcn-ui/assets/js/index-BnqTEkP9.js.gz                60.79kb / gzip: 15.88kb
dist//workspace/shadcn-ui/assets/js/TradingDashboard-Bhl9OIe9.js.gz     14.50kb / gzip: 3.49kb
dist//workspace/shadcn-ui/assets/js/vendor-charts-n7LhEPu8.js.gz        66.26kb / gzip: 21.17kb
dist//workspace/shadcn-ui/assets/js/vendor-supabase-COO416Jv.js.gz      159.17kb / gzip: 38.52kb
dist//workspace/shadcn-ui/assets/js/vendor-other-yaaUqUdw.js.gz         503.13kb / gzip: 161.80kb
dist//workspace/shadcn-ui/assets/js/vendor-react-DeAGMyKu.js.gz         638.62kb / gzip: 168.48kb
dist//workspace/shadcn-ui/stats.html.gz                                 1786.24kb / gzip: 166.86kb



✨ [vite-plugin-compression]:algorithm=brotliCompress - compressed file successfully: 
dist//workspace/shadcn-ui/assets/js/Accounts-CfFQzHvv.js.br             19.09kb / brotliCompress: 4.55kb
dist//workspace/shadcn-ui/assets/js/AIAnalysisAgent-BKC23XZx.js.br      31.26kb / brotliCompress: 7.30kb
dist//workspace/shadcn-ui/assets/js/PositionCalculator-DMC09dNm.js.br   11.46kb / brotliCompress: 2.86kb
dist//workspace/shadcn-ui/assets/js/Index-CeRdLdrj.js.br                11.28kb / brotliCompress: 3.19kb
dist//workspace/shadcn-ui/assets/js/Analytics-TvZSm8xS.js.br            60.19kb / brotliCompress: 12.38kb
dist//workspace/shadcn-ui/assets/js/TradeJournal-Dn44BmeM.js.br         34.34kb / brotliCompress: 7.92kb
dist//workspace/shadcn-ui/assets/index-DHfFrK5n.css.br                  76.69kb / brotliCompress: 10.71kb
dist//workspace/shadcn-ui/assets/js/TradingDashboard-Bhl9OIe9.js.br     14.50kb / brotliCompress: 3.11kb
dist//workspace/shadcn-ui/assets/js/Referral-BZB07aiu.js.br             26.89kb / brotliCompress: 5.67kb
dist//workspace/shadcn-ui/assets/js/mockData-D2oX97qC.js.br             10.60kb / brotliCompress: 2.51kb
dist//workspace/shadcn-ui/assets/js/Goals-BMHf4Frw.js.br                38.97kb / brotliCompress: 8.06kb
dist//workspace/shadcn-ui/assets/js/index-BnqTEkP9.js.br                60.79kb / brotliCompress: 13.42kb
dist//workspace/shadcn-ui/assets/js/vendor-charts-n7LhEPu8.js.br        66.26kb / brotliCompress: 18.61kb
dist//workspace/shadcn-ui/assets/js/vendor-supabase-COO416Jv.js.br      159.17kb / brotliCompress: 33.33kb
dist//workspace/shadcn-ui/assets/js/vendor-other-yaaUqUdw.js.br         503.13kb / brotliCompress: 138.58kb
dist//workspace/shadcn-ui/assets/js/vendor-react-DeAGMyKu.js.br         638.62kb / brotliCompress: 138.93kb
dist//workspace/shadcn-ui/stats.html.br                                 1786.24kb / brotliCompress: 112.61kb


